npm notice run jamb-app-build@0.1.0 dev
npm notice run next dev -p 3000
▲ Next.js 16.3.5 (Turbopack)
- Local:         http://localhost:3000
- Network:       http://10.77.134.158:3000
- Environments: .env.local
✓ Ready in 5.0s
✓ Running next.config.ts took 875ms

 GET / 200 in 13.2s (next.js: 2.6s, proxy.ts: 6.9s, application-code: 3.8s)
 GET / 200 in 391ms (next.js: 35ms, proxy.ts: 41ms, application-code: 315ms)
 GET / 200 in 1355ms (next.js: 441ms, proxy.ts: 201ms, application-code: 713ms)
 GET / 200 in 526ms (next.js: 81ms, proxy.ts: 60ms, application-code: 384ms)
 GET / 200 in 4.5s (next.js: 186ms, proxy.ts: 173ms, application-code: 4.2s)
○ Compiling /profile ...
○ Compiling /_not-found/page ...
 GET /profile 404 in 28.0s (next.js: 16.5s, proxy.ts: 1886ms, application-code: 9.6s)
 GET /profile 404 in 10.2s (next.js: 2.1s, proxy.ts: 3.8s, application-code: 4.3s)
 GET /profile 404 in 2.9s (next.js: 496ms, proxy.ts: 321ms, application-code: 2.1s)
 GET /profile 404 in 4.2s (next.js: 2.2s, proxy.ts: 279ms, application-code: 1715ms)
○ Compiling /dashboard ...
 GET /dashboard 404 in 18.8s (next.js: 16.5s, proxy.ts: 216ms, application-code: 2.0s)
 GET /profile 404 in 1540ms (next.js: 360ms, proxy.ts: 140ms, application-code: 1040ms)
✓ Finished writing to filesystem cache in 10.6s
 GET /exam 404 in 19.1s (next.js: 17.9s, proxy.ts: 78ms, application-code: 1036ms)
✓ Finished writing to filesystem cache in 10.2s
 GET /settings 404 in 35.9s (next.js: 20.1s, proxy.ts: 88ms, application-code: 15.7s)
[?25h
